// Jest Snapshot v1, https://goo.gl/fbAQLP

exports[`a test block should match snapshot 1`] = `42`;
